Archive member included because of file (symbol)

/Applications/Marmalade.app/Contents/s3e/edk/lib/android/libedk.a(edk_helpers.o)
                              release/peanutlabs_platform.os (s3eEdkThreadRunOnOS)

Discarded input sections

 .note.GNU-stack
                0x0000000000000000        0x0 /Users/bilguunoyunchimeg/Downloads/android-ndk-r10d/platforms/android-14/arch-arm/usr/lib/crtbegin_so.o
 .group         0x0000000000000000        0x8 release/peanutlabs_platform.os
 .group         0x0000000000000000        0x8 release/peanutlabs_platform.os
 .note.GNU-stack
                0x0000000000000000        0x0 release/peanutlabs_platform.os
 .note.GNU-stack
                0x0000000000000000        0x0 release/peanutlabs.os
 .note.GNU-stack
                0x0000000000000000        0x0 release/peanutlabs_register.os
 .note.GNU-stack
                0x0000000000000000        0x0 /Applications/Marmalade.app/Contents/s3e/edk/lib/android/libedk.a(edk_helpers.o)
 .note.GNU-stack
                0x0000000000000000        0x0 /Users/bilguunoyunchimeg/Downloads/android-ndk-r10d/platforms/android-14/arch-arm/usr/lib/crtend_so.o

Memory Configuration

Name             Origin             Length             Attributes
*default*        0x0000000000000000 0xffffffffffffffff

Linker script and memory map

LOAD /Users/bilguunoyunchimeg/Downloads/android-ndk-r10d/platforms/android-14/arch-arm/usr/lib/crtbegin_so.o
LOAD release/peanutlabs_platform.os
LOAD release/peanutlabs.os
LOAD release/peanutlabs_register.os
LOAD /Applications/Marmalade.app/Contents/s3e/edk/lib/android/libedk.a
LOAD /Applications/Marmalade.app/Contents/s3e/edk/lib/android/libplaceholderplaceholderplaceholderplaceholderplaceholder.so
LOAD /Users/bilguunoyunchimeg/Downloads/android-ndk-r10d/platforms/android-14/arch-arm/usr/lib/liblog.so
LOAD /Users/bilguunoyunchimeg/Downloads/android-ndk-r10d/sources/cxx-stl/gnu-libstdc++/4.8/libs/armeabi/libgnustl_static.a
LOAD /Users/bilguunoyunchimeg/Downloads/android-ndk-r10d/toolchains/arm-linux-androideabi-4.8/prebuilt/darwin-x86_64/bin/../lib/gcc/arm-linux-androideabi/4.8/libgcc.a
LOAD /Users/bilguunoyunchimeg/Downloads/android-ndk-r10d/platforms/android-14/arch-arm/usr/lib/libstdc++.so
LOAD /Users/bilguunoyunchimeg/Downloads/android-ndk-r10d/platforms/android-14/arch-arm/usr/lib/libm.so
LOAD /Users/bilguunoyunchimeg/Downloads/android-ndk-r10d/platforms/android-14/arch-arm/usr/lib/libc.so
LOAD /Users/bilguunoyunchimeg/Downloads/android-ndk-r10d/toolchains/arm-linux-androideabi-4.8/prebuilt/darwin-x86_64/bin/../lib/gcc/arm-linux-androideabi/4.8/libgcc.a
LOAD /Users/bilguunoyunchimeg/Downloads/android-ndk-r10d/platforms/android-14/arch-arm/usr/lib/libc.so
LOAD /Users/bilguunoyunchimeg/Downloads/android-ndk-r10d/platforms/android-14/arch-arm/usr/lib/libdl.so
LOAD /Users/bilguunoyunchimeg/Downloads/android-ndk-r10d/toolchains/arm-linux-androideabi-4.8/prebuilt/darwin-x86_64/bin/../lib/gcc/arm-linux-androideabi/4.8/libgcc.a
LOAD /Users/bilguunoyunchimeg/Downloads/android-ndk-r10d/platforms/android-14/arch-arm/usr/lib/crtend_so.o
                0x00000000000000d4                . = (0x0 + SIZEOF_HEADERS)

.note.gnu.build-id
 *(.note.gnu.build-id)

.hash           0x00000000000000d4       0x5c
 *(.hash)
 .hash          0x00000000000000d4       0x5c /Users/bilguunoyunchimeg/Downloads/android-ndk-r10d/platforms/android-14/arch-arm/usr/lib/crtbegin_so.o

.gnu.hash
 *(.gnu.hash)

.dynsym         0x0000000000000130      0x120
 *(.dynsym)
 .dynsym        0x0000000000000130      0x120 /Users/bilguunoyunchimeg/Downloads/android-ndk-r10d/platforms/android-14/arch-arm/usr/lib/crtbegin_so.o

.dynstr         0x0000000000000250      0x134
 *(.dynstr)
 .dynstr        0x0000000000000250      0x134 /Users/bilguunoyunchimeg/Downloads/android-ndk-r10d/platforms/android-14/arch-arm/usr/lib/crtbegin_so.o

.gnu.version    0x0000000000000384        0x0
 *(.gnu.version)
 .gnu.version   0x0000000000000000        0x0 /Users/bilguunoyunchimeg/Downloads/android-ndk-r10d/platforms/android-14/arch-arm/usr/lib/crtbegin_so.o

.gnu.version_d  0x0000000000000384        0x0
 *(.gnu.version_d)
 .gnu.version_d
                0x0000000000000000        0x0 /Users/bilguunoyunchimeg/Downloads/android-ndk-r10d/platforms/android-14/arch-arm/usr/lib/crtbegin_so.o

.gnu.version_r  0x0000000000000384        0x0
 *(.gnu.version_r)
 .gnu.version_r
                0x0000000000000000        0x0 /Users/bilguunoyunchimeg/Downloads/android-ndk-r10d/platforms/android-14/arch-arm/usr/lib/crtbegin_so.o

.rel.dyn        0x0000000000000384       0x20
 *(.rel.init)
 *(.rel.text .rel.text.* .rel.gnu.linkonce.t.*)
 *(.rel.fini)
 *(.rel.rodata .rel.rodata.* .rel.gnu.linkonce.r.*)
 *(.rel.data.rel.ro .rel.data.rel.ro.* .rel.gnu.linkonce.d.rel.ro.*)
 *(.rel.data .rel.data.* .rel.gnu.linkonce.d.*)
 *(.rel.tdata .rel.tdata.* .rel.gnu.linkonce.td.*)
 *(.rel.tbss .rel.tbss.* .rel.gnu.linkonce.tb.*)
 *(.rel.ctors)
 *(.rel.dtors)
 *(.rel.got)
 .rel.got       0x0000000000000384       0x18 /Users/bilguunoyunchimeg/Downloads/android-ndk-r10d/platforms/android-14/arch-arm/usr/lib/crtbegin_so.o
 *(.rel.bss .rel.bss.* .rel.gnu.linkonce.b.*)
 *(.rel.iplt)
 .rel.iplt      0x0000000000000000        0x0 /Users/bilguunoyunchimeg/Downloads/android-ndk-r10d/platforms/android-14/arch-arm/usr/lib/crtbegin_so.o
 .rel.fini_array
                0x000000000000039c        0x8 /Users/bilguunoyunchimeg/Downloads/android-ndk-r10d/platforms/android-14/arch-arm/usr/lib/crtbegin_so.o

.rela.dyn
 *(.rela.init)
 *(.rela.text .rela.text.* .rela.gnu.linkonce.t.*)
 *(.rela.fini)
 *(.rela.rodata .rela.rodata.* .rela.gnu.linkonce.r.*)
 *(.rela.data .rela.data.* .rela.gnu.linkonce.d.*)
 *(.rela.tdata .rela.tdata.* .rela.gnu.linkonce.td.*)
 *(.rela.tbss .rela.tbss.* .rela.gnu.linkonce.tb.*)
 *(.rela.ctors)
 *(.rela.dtors)
 *(.rela.got)
 *(.rela.bss .rela.bss.* .rela.gnu.linkonce.b.*)
 *(.rela.iplt)

.rel.plt        0x00000000000003a4       0x38
 *(.rel.plt)
 .rel.plt       0x00000000000003a4       0x38 /Users/bilguunoyunchimeg/Downloads/android-ndk-r10d/platforms/android-14/arch-arm/usr/lib/crtbegin_so.o

.rela.plt
 *(.rela.plt)

.init
 *(SORT(.init))

.plt            0x00000000000003dc       0x68
 *(.plt)
 .plt           0x00000000000003dc       0x68 /Users/bilguunoyunchimeg/Downloads/android-ndk-r10d/platforms/android-14/arch-arm/usr/lib/crtbegin_so.o

.iplt           0x0000000000000444        0x0
 *(.iplt)
 .iplt          0x0000000000000000        0x0 /Users/bilguunoyunchimeg/Downloads/android-ndk-r10d/platforms/android-14/arch-arm/usr/lib/crtbegin_so.o

.text           0x0000000000000444      0x54c
 *(.text.unlikely .text.*_unlikely .text.unlikely.*)
 *(.text.exit .text.exit.*)
 .text.exit     0x0000000000000444       0x10 /Users/bilguunoyunchimeg/Downloads/android-ndk-r10d/platforms/android-14/arch-arm/usr/lib/crtbegin_so.o
                0x0000000000000444                __on_dlclose
 *(.text.startup .text.startup.*)
 *(.text.hot .text.hot.*)
 *(.text .stub .text.* .gnu.linkonce.t.*)
 .text          0x0000000000000454       0x34 /Users/bilguunoyunchimeg/Downloads/android-ndk-r10d/platforms/android-14/arch-arm/usr/lib/crtbegin_so.o
                0x0000000000000454                __atexit_handler_wrapper
                0x0000000000000468                atexit
 .text          0x0000000000000488      0x324 release/peanutlabs_platform.os
                0x0000000000000540                peanutlabsInit_platform()
                0x00000000000006e0                peanutlabsTerminate_platform()
                0x000000000000073c                openRewardsCenter_platform(char const*)
 .text._ZN7_JNIEnv9NewObjectEP7_jclassP10_jmethodIDz
                0x00000000000007ac       0x38 release/peanutlabs_platform.os
                0x00000000000007ac                _JNIEnv::NewObject(_jclass*, _jmethodID*, ...)
 .text._ZN7_JNIEnv13CallIntMethodEP8_jobjectP10_jmethodIDz
                0x00000000000007e4       0x38 release/peanutlabs_platform.os
                0x00000000000007e4                _JNIEnv::CallIntMethod(_jobject*, _jmethodID*, ...)
 .text          0x000000000000081c        0xc release/peanutlabs.os
                0x000000000000081c                peanutlabsInit()
                0x0000000000000820                peanutlabsTerminate()
                0x0000000000000824                openRewardsCenter
 .text          0x0000000000000828       0xd8 release/peanutlabs_register.os
                0x0000000000000840                peanutlabsRegisterExt()
                0x00000000000008a0                RegisterExt
 .text          0x0000000000000900        0x0 /Applications/Marmalade.app/Contents/s3e/edk/lib/android/libedk.a(edk_helpers.o)
 .text.s3eEdkErrorSetString
                0x0000000000000900       0x30 /Applications/Marmalade.app/Contents/s3e/edk/lib/android/libedk.a(edk_helpers.o)
                0x0000000000000900                s3eEdkErrorSetString
 .text.s3eEdkThreadRunOnOS
                0x0000000000000930       0x30 /Applications/Marmalade.app/Contents/s3e/edk/lib/android/libedk.a(edk_helpers.o)
                0x0000000000000930                s3eEdkThreadRunOnOS
 .text.s3eEdkThreadRunOnOSAsync
                0x0000000000000960       0x30 /Applications/Marmalade.app/Contents/s3e/edk/lib/android/libedk.a(edk_helpers.o)
                0x0000000000000960                s3eEdkThreadRunOnOSAsync
 .text          0x0000000000000990        0x0 /Users/bilguunoyunchimeg/Downloads/android-ndk-r10d/platforms/android-14/arch-arm/usr/lib/crtend_so.o
 *(.gnu.warning)
 *(.glue_7t)
 .glue_7t       0x0000000000000000        0x0 linker stubs
 *(.glue_7)
 .glue_7        0x0000000000000000        0x0 linker stubs
 *(.vfp11_veneer)
 .vfp11_veneer  0x0000000000000000        0x0 linker stubs
 *(.v4_bx)
 .v4_bx         0x0000000000000000        0x0 linker stubs

.fini
 *(SORT(.fini))
                0x0000000000000990                PROVIDE (__etext, .)
                0x0000000000000990                PROVIDE (_etext, .)
                0x0000000000000990                PROVIDE (etext, .)

.rodata         0x0000000000000990       0x44
 *(.rodata .rodata.* .gnu.linkonce.r.*)
 .rodata.str1.4
                0x0000000000000990       0x44 release/peanutlabs_platform.os
 .rodata.str1.4
                0x0000000000000000        0xc release/peanutlabs_register.os

.rodata1
 *(.rodata1)

.ARM.extab
 *(.ARM.extab* .gnu.linkonce.armextab.*)
                0x00000000000009d4                PROVIDE (__exidx_start, .)

.ARM.exidx
 *(.ARM.exidx* .gnu.linkonce.armexidx.*)
                0x00000000000009d4                PROVIDE (__exidx_end, .)

.eh_frame_hdr   0x00000000000009d4        0x0
 *(.eh_frame_hdr)
 .eh_frame_hdr  0x0000000000000000        0x0 /Users/bilguunoyunchimeg/Downloads/android-ndk-r10d/platforms/android-14/arch-arm/usr/lib/crtend_so.o

.eh_frame
 *(.eh_frame)

.gcc_except_table
 *(.gcc_except_table .gcc_except_table.*)

.exception_ranges
 *(.exception_ranges .exception_ranges*)
                0x0000000000008000                . = ALIGN (0x8000)
                0x0000000000008ec8                . = DATA_SEGMENT_ALIGN (0x8000, 0x1000)

.eh_frame
 *(.eh_frame)

.gcc_except_table
 *(.gcc_except_table .gcc_except_table.*)

.exception_ranges
 *(.exception_ranges .exception_ranges*)

.tdata
 *(.tdata .tdata.* .gnu.linkonce.td.*)

.tbss
 *(.tbss .tbss.* .gnu.linkonce.tb.*)
 *(.tcommon)
                0x0000000000008ec8                . = ALIGN (0x4)

.preinit_array
 *(.preinit_array)

.init_array     0x0000000000008ec8        0x4
 *crtbegin*.o(.init_array)
 *(SORT(.init_array.*) SORT(.ctors.*))
 *(.init_array EXCLUDE_FILE(*crtend*.o *crtend.o *crtbegin*.o *crtbegin.o) .ctors)
 .init_array    0x0000000000008ec8        0x4 /Users/bilguunoyunchimeg/Downloads/android-ndk-r10d/platforms/android-14/arch-arm/usr/lib/crtend_so.o

.fini_array     0x0000000000008ecc        0x8
 *crtbegin*.o(.fini_array)
 .fini_array    0x0000000000008ecc        0x4 /Users/bilguunoyunchimeg/Downloads/android-ndk-r10d/platforms/android-14/arch-arm/usr/lib/crtbegin_so.o
 *(SORT(.fini_array.*) SORT(.dtors.*))
 *(.fini_array EXCLUDE_FILE(*crtend*.o *crtend.o *crtbegin*.o *crtbegin.o) .dtors)
 .fini_array    0x0000000000008ed0        0x4 /Users/bilguunoyunchimeg/Downloads/android-ndk-r10d/platforms/android-14/arch-arm/usr/lib/crtend_so.o

.ctors
 *crtbegin.o(.ctors)
 *crtbegin*.o(.ctors)
 *(EXCLUDE_FILE(*crtend*.o *crtend.o) .ctors)
 *(SORT(.ctors.*))
 *(.ctors)

.dtors
 *crtbegin.o(.dtors)
 *crtbegin*.o(.dtors)
 *(EXCLUDE_FILE(*crtend*.o *crtend.o) .dtors)
 *(SORT(.dtors.*))
 *(.dtors)

.jcr
 *(.jcr)

.data.rel.ro
 *(.data.rel.ro.local* .gnu.linkonce.d.rel.ro.local.*)
 *(.data.rel.ro .data.rel.ro.* .gnu.linkonce.d.rel.ro.*)

.dynamic        0x0000000000008ed4       0xf8
 *(.dynamic)
 .dynamic       0x0000000000008ed4       0xf8 /Users/bilguunoyunchimeg/Downloads/android-ndk-r10d/platforms/android-14/arch-arm/usr/lib/crtbegin_so.o
                0x0000000000008ed4                _DYNAMIC

.got            0x0000000000008fcc       0x34
 *(.got.plt)
 .got.plt       0x0000000000008fcc       0x28 /Users/bilguunoyunchimeg/Downloads/android-ndk-r10d/platforms/android-14/arch-arm/usr/lib/crtbegin_so.o
                0x0000000000008fcc                _GLOBAL_OFFSET_TABLE_
 *(.igot.plt)
 .igot.plt      0x0000000000000000        0x0 /Users/bilguunoyunchimeg/Downloads/android-ndk-r10d/platforms/android-14/arch-arm/usr/lib/crtbegin_so.o
 *(.got)
 .got           0x0000000000008ff4        0xc /Users/bilguunoyunchimeg/Downloads/android-ndk-r10d/platforms/android-14/arch-arm/usr/lib/crtbegin_so.o
 *(.igot)
                0x0000000000009000                . = DATA_SEGMENT_RELRO_END (., 0x0)

.data           0x0000000000009000        0x4
                0x0000000000009000                PROVIDE (__data_start, .)
 *(.data .data.* .gnu.linkonce.d.*)
 .data          0x0000000000009000        0x4 /Users/bilguunoyunchimeg/Downloads/android-ndk-r10d/platforms/android-14/arch-arm/usr/lib/crtbegin_so.o
                0x0000000000009000                __dso_handle
 .data          0x0000000000009004        0x0 release/peanutlabs_platform.os
 .data          0x0000000000009004        0x0 release/peanutlabs.os
 .data          0x0000000000009004        0x0 release/peanutlabs_register.os
 .data          0x0000000000009004        0x0 /Applications/Marmalade.app/Contents/s3e/edk/lib/android/libedk.a(edk_helpers.o)
 .data          0x0000000000009004        0x0 /Users/bilguunoyunchimeg/Downloads/android-ndk-r10d/platforms/android-14/arch-arm/usr/lib/crtend_so.o

.data1
 *(.data1)
                0x0000000000009004                _edata = .
                0x0000000000009004                PROVIDE (edata, .)
                0x0000000000009004                . = .
                0x0000000000009004                __bss_start = .
                0x0000000000009004                __bss_start__ = .

.bss            0x0000000000009004        0x8
 *(.dynbss)
 .dynbss        0x0000000000000000        0x0 /Users/bilguunoyunchimeg/Downloads/android-ndk-r10d/platforms/android-14/arch-arm/usr/lib/crtbegin_so.o
 *(.bss .bss.* .gnu.linkonce.b.*)
 .bss           0x0000000000009004        0x0 /Users/bilguunoyunchimeg/Downloads/android-ndk-r10d/platforms/android-14/arch-arm/usr/lib/crtbegin_so.o
 .bss           0x0000000000009004        0x8 release/peanutlabs_platform.os
 .bss           0x000000000000900c        0x0 release/peanutlabs.os
 .bss           0x000000000000900c        0x0 release/peanutlabs_register.os
 .bss           0x000000000000900c        0x0 /Applications/Marmalade.app/Contents/s3e/edk/lib/android/libedk.a(edk_helpers.o)
 .bss           0x000000000000900c        0x0 /Users/bilguunoyunchimeg/Downloads/android-ndk-r10d/platforms/android-14/arch-arm/usr/lib/crtend_so.o
 *(COMMON)
                0x000000000000900c                . = ALIGN (0x4)
                0x000000000000900c                _bss_end__ = .
                0x000000000000900c                __bss_end__ = .
                0x000000000000900c                . = ALIGN (0x4)
                0x000000000000900c                . = SEGMENT_START ("ldata-segment", .)
                0x000000000000900c                . = ALIGN (0x4)
                0x000000000000900c                __end__ = .
                0x000000000000900c                _end = .
                0x000000000000900c                _bss_end__ = .
                0x000000000000900c                __bss_end__ = .
                0x000000000000900c                __end__ = .
                0x000000000000900c                PROVIDE (end, .)
                0x000000000000900c                . = DATA_SEGMENT_END (.)

.stab
 *(.stab)

.stabstr
 *(.stabstr)

.stab.excl
 *(.stab.excl)

.stab.exclstr
 *(.stab.exclstr)

.stab.index
 *(.stab.index)

.stab.indexstr
 *(.stab.indexstr)

.comment        0x0000000000000000       0x34
 *(.comment)
 .comment       0x0000000000000000       0x25 /Users/bilguunoyunchimeg/Downloads/android-ndk-r10d/platforms/android-14/arch-arm/usr/lib/crtbegin_so.o
                                         0x26 (size before relaxing)
 .comment       0x0000000000000025        0xf release/peanutlabs_platform.os
                                         0x10 (size before relaxing)
 .comment       0x0000000000000000       0x10 release/peanutlabs.os
 .comment       0x0000000000000000       0x10 release/peanutlabs_register.os
 .comment       0x0000000000000000       0x10 /Applications/Marmalade.app/Contents/s3e/edk/lib/android/libedk.a(edk_helpers.o)

.ARM.attributes
                0x0000000000000000       0x2f
 .ARM.attributes
                0x0000000000000000       0x2d /Users/bilguunoyunchimeg/Downloads/android-ndk-r10d/platforms/android-14/arch-arm/usr/lib/crtbegin_so.o
 .ARM.attributes
                0x000000000000002d       0x2f release/peanutlabs_platform.os
 .ARM.attributes
                0x000000000000005c       0x2f release/peanutlabs.os
 .ARM.attributes
                0x000000000000008b       0x2f release/peanutlabs_register.os
 .ARM.attributes
                0x00000000000000ba       0x2f /Applications/Marmalade.app/Contents/s3e/edk/lib/android/libedk.a(edk_helpers.o)
 .ARM.attributes
                0x00000000000000e9       0x1f /Users/bilguunoyunchimeg/Downloads/android-ndk-r10d/platforms/android-14/arch-arm/usr/lib/crtend_so.o

.debug
 *(.debug)

.line
 *(.line)

.debug_srcinfo
 *(.debug_srcinfo)

.debug_sfnames
 *(.debug_sfnames)

.debug_aranges
 *(.debug_aranges)

.debug_pubnames
 *(.debug_pubnames)

.debug_info
 *(.debug_info .gnu.linkonce.wi.*)

.debug_abbrev
 *(.debug_abbrev)

.debug_line
 *(.debug_line .debug_line.* .debug_line_end)

.debug_frame
 *(.debug_frame)

.debug_str
 *(.debug_str)

.debug_loc
 *(.debug_loc)

.debug_macinfo
 *(.debug_macinfo)

.debug_weaknames
 *(.debug_weaknames)

.debug_funcnames
 *(.debug_funcnames)

.debug_typenames
 *(.debug_typenames)

.debug_varnames
 *(.debug_varnames)

.debug_pubtypes
 *(.debug_pubtypes)

.debug_ranges
 *(.debug_ranges)

.debug_macro
 *(.debug_macro)

.gnu.attributes
 *(.gnu.attributes)

.note.gnu.arm.ident
 *(.note.gnu.arm.ident)

/DISCARD/
 *(.note.GNU-stack)
 *(.gnu_debuglink)
 *(.gnu.lto_*)
 *(.mdebug.*)
OUTPUT(/Users/bilguunoyunchimeg/Dev/MarmaladeSDK/peanutlabs/lib/android/libpeanutlabs.so elf32-littlearm)
